// Jest Snapshot v1, https://goo.gl/fbAQLP

exports[`Pruebas en <GifGridItem should show <GifGridItem/> correctly 1`] = `
<div
  className="card"
>
  <img />
  <p />
</div>
`;
