// Jest Snapshot v1, https://goo.gl/fbAQLP

exports[`Testing <GifGrid/> should show <GifGrid/> correctly 1`] = `
<Fragment>
  <h3>
    spinetta
  </h3>
  <p>
    Loading...
  </p>
  <div
    className="card-grid"
  />
</Fragment>
`;
